Launching browser...
Clicking Get Started...
PAGE EXCEPTION: TypeError: Map is not a constructor
PAGE EXCEPTION: TypeError: Map is not a constructor
BROWSER ERROR: The above error occurred in the <Navbar> component:

    at Navbar (http://localhost:5173/src/components/Navbar.jsx:28:28)
    at div
    at div
    at DashboardLayout (http://localhost:5173/src/layouts/DashboardLayout.jsx:19:43)
    at DashboardPage (http://localhost:5173/src/pages/DashboardPage.jsx:31:20)
    at RenderedRoute (http://localhost:5173/node_modules/.vite/deps/react-router-dom.js?v=1cc2a6ed:4131:5)
    at Outlet (http://localhost:5173/node_modules/.vite/deps/react-router-dom.js?v=1cc2a6ed:4537:26)
    at ProtectedRoute (http://localhost:5173/src/router/guards.jsx:22:29)
    at RenderedRoute (http://localhost:5173/node_modules/.vite/deps/react-router-dom.js?v=1cc2a6ed:4131:5)
    at Routes (http://localhost:5173/node_modules/.vite/deps/react-router-dom.js?v=1cc2a6ed:4601:5)
    at UserProvider (http://localhost:5173/src/store/UserContext.jsx:22:32)
    at AuthProvider (http://localhost:5173/src/store/AuthContext.jsx:21:32)
    at Router (http://localhost:5173/node_modules/.vite/deps/react-router-dom.js?v=1cc2a6ed:4544:15)
    at BrowserRouter (http://localhost:5173/node_modules/.vite/deps/react-router-dom.js?v=1cc2a6ed:5290:5)
    at AppRouter
    at App

Consider adding an error boundary to your tree to customize error handling behavior.
Visit https://reactjs.org/link/error-boundaries to learn more about error boundaries.
PAGE EXCEPTION: TypeError: Map is not a constructor
Current URL after click: http://localhost:5173/dashboard
Body length: 87
